Retrieving org/bytedeco/cuda-redist/13.1-9.19-1.5.13/cuda-redist-13.1-9.19-1.5.13-linux-x86_64.jar from central
Retrieving org/bytedeco/cuda-redist-cublas/13.1-9.19-1.5.13/cuda-redist-cublas-13.1-9.19-1.5.13-linux-x86_64.jar from central
Retrieving org/uncomplicate/clojure-cpp/0.10.0/clojure-cpp-0.10.0.jar from clojars
Retrieving org/uncomplicate/neanderthal-base/0.64.0/neanderthal-base-0.64.0.jar from clojars
Retrieving uncomplicate/commons/0.23.0/commons-0.23.0.jar from clojars
Retrieving uncomplicate/fluokitten/0.10.3/fluokitten-0.10.3.jar from clojars
Retrieving uncomplicate/clojurecuda/0.31.0/clojurecuda-0.31.0.jar from clojars
Retrieving org/uncomplicate/neanderthal-opencl/0.64.0/neanderthal-opencl-0.64.0.jar from clojars
Retrieving uncomplicate/clojurecl/0.16.4/clojurecl-0.16.4.jar from clojars
Retrieving nrepl/nrepl/1.0.0/nrepl-1.0.0.jar from clojars
Retrieving org/nrepl/incomplete/0.1.0/incomplete-0.1.0.jar from clojars
Retrieving midje/midje/1.10.10/midje-1.10.10.jar from clojars
Retrieving marick/suchwow/6.0.3/suchwow-6.0.3.jar from clojars
Retrieving potemkin/potemkin/0.4.5/potemkin-0.4.5.jar from clojars
Retrieving clj-tuple/clj-tuple/0.2.2/clj-tuple-0.2.2.jar from clojars
Retrieving com/rpl/specter/1.1.3/specter-1.1.3.jar from clojars
Retrieving riddley/riddley/0.1.12/riddley-0.1.12.jar from clojars
Retrieving environ/environ/1.2.0/environ-1.2.0.jar from clojars
Retrieving io/aviso/pretty/1.4.4/pretty-1.4.4.jar from clojars
Retrieving clj-time/clj-time/0.15.2/clj-time-0.15.2.jar from clojars
Retrieving colorize/colorize/0.1.1/colorize-0.1.1.jar from clojars
Retrieving flare/flare/0.2.9/flare-0.2.9.jar from clojars
Retrieving org/clojars/brenton/google-diff-match-patch/0.1/google-diff-match-patch-0.1.jar from clojars
Retrieving mvxcvi/puget/1.3.4/puget-1.3.4.jar from clojars
Retrieving fipp/fipp/0.6.26/fipp-0.6.26.jar from clojars
Retrieving mvxcvi/arrangement/2.1.0/arrangement-2.1.0.jar from clojars
Retrieving org/uncomplicate/neanderthal-test/0.64.0/neanderthal-test-0.64.0.jar from clojars
Retrieving org/uncomplicate/neanderthal-openblas/0.64.0/neanderthal-openblas-0.64.0.jar from clojars
Possibly confusing dependencies found:
[midje "1.10.10"] -> [org.clojure/tools.namespace "1.4.4"] -> [org.clojure/tools.reader "1.3.6"]
 overrides
[uncomplicate/clojurecuda "0.31.0"] -> [org.clojure/core.async "1.9.865"] -> [org.clojure/tools.analyzer.jvm "1.3.3"] -> [org.clojure/tools.reader "1.5.0"]

Consider using these :managed-dependencies: 
[org.clojure/tools.reader "1.5.0"]

 [midje "1.10.10" :scope "test"]
   [clj-time "0.15.2" :scope "test" :exclusions [[org.clojure/clojure]]]
     [joda-time "2.10" :scope "test"]
   [colorize "0.1.1" :scope "test" :exclusions [[org.clojure/clojure]]]
   [flare "0.2.9" :scope "test" :exclusions [[org.clojure/clojure]]]
     [org.clojars.brenton/google-diff-match-patch "0.1" :scope "test"]
   [io.aviso/pretty "1.4.4" :scope "test" :exclusions [[org.clojure/clojure]]]
   [marick/suchwow "6.0.3" :scope "test" :exclusions [[org.clojure/clojure] [org.clojure/clojurescript]]]
     [com.rpl/specter "1.1.3" :scope "test" :exclusions [[org.clojure/clojure] [org.clojure/clojurescript]]]
     [commons-codec "1.15" :scope "test"]
     [environ "1.2.0" :scope "test" :exclusions [[org.clojure/clojure]]]
     [potemkin "0.4.5" :scope "test" :exclusions [[org.clojure/clojure]]]
       [clj-tuple "0.2.2" :scope "test"]
       [riddley "0.1.12" :scope "test"]
   [mvxcvi/puget "1.3.4" :scope "test" :exclusions [[org.clojure/clojure]]]
     [fipp "0.6.26" :scope "test"]
       [org.clojure/core.rrb-vector "0.1.2" :scope "test"]
     [mvxcvi/arrangement "2.1.0" :scope "test"]
   [org.clojure/core.unify "0.5.7" :scope "test" :exclusions [[org.clojure/clojure]]]
   [org.clojure/math.combinatorics "0.2.0" :scope "test"]
   [org.clojure/test.check "1.1.1" :scope "test"]
   [org.clojure/tools.macro "0.1.5" :scope "test"]
   [org.clojure/tools.namespace "1.4.4" :scope "test"]
     [org.clojure/java.classpath "1.0.0" :scope "test"]
     [org.clojure/tools.reader "1.3.6"]
   [org.tcrawley/dynapath "1.1.0" :scope "test"]
 [nrepl "1.0.0" :exclusions [[org.clojure/clojure]]]
 [org.bytedeco/cuda-redist-cublas "13.1-9.19-1.5.13" :classifier "linux-x86_64" :scope "test"]
 [org.bytedeco/cuda-redist "13.1-9.19-1.5.13" :classifier "linux-x86_64" :scope "test"]
 [org.bytedeco/openblas "0.3.31-1.5.13" :classifier "linux-x86_64" :scope "test"]
   [org.bytedeco/javacpp "1.5.13"]
 [org.clojure/clojure "1.12.5"]
   [org.clojure/core.specs.alpha "0.4.74"]
   [org.clojure/spec.alpha "0.5.238"]
 [org.nrepl/incomplete "0.1.0" :exclusions [[org.clojure/clojure]]]
 [org.uncomplicate/neanderthal-base "0.64.0"]
   [org.apache.commons/commons-math3 "3.6.1"]
 [org.uncomplicate/neanderthal-openblas "0.64.0" :scope "test"]
   [org.bytedeco/openblas-platform "0.3.31-1.5.13" :scope "test"]
     [org.bytedeco/openblas "0.3.31-1.5.13" :scope "test"]
     [org.bytedeco/openblas "0.3.31-1.5.13" :classifier "android-arm64" :scope "test"]
     [org.bytedeco/openblas "0.3.31-1.5.13" :classifier "android-x86_64" :scope "test"]
     [org.bytedeco/openblas "0.3.31-1.5.13" :classifier "ios-arm64" :scope "test"]
     [org.bytedeco/openblas "0.3.31-1.5.13" :classifier "ios-x86_64" :scope "test"]
     [org.bytedeco/openblas "0.3.31-1.5.13" :classifier "linux-arm64" :scope "test"]
     [org.bytedeco/openblas "0.3.31-1.5.13" :classifier "macosx-arm64" :scope "test"]
     [org.bytedeco/openblas "0.3.31-1.5.13" :classifier "macosx-x86_64" :scope "test"]
     [org.bytedeco/openblas "0.3.31-1.5.13" :classifier "windows-x86_64" :scope "test"]
 [org.uncomplicate/neanderthal-opencl "0.64.0"]
   [org.jocl/jocl-blast "1.5.2"]
   [uncomplicate/clojurecl "0.16.4"]
     [org.jocl/jocl "2.0.6"]
 [org.uncomplicate/neanderthal-test "0.64.0" :scope "test"]
 [uncomplicate/clojurecuda "0.31.0"]
   [org.bytedeco/cuda-platform "13.1-9.19-1.5.13"]
     [org.bytedeco/cuda "13.1-9.19-1.5.13"]
     [org.bytedeco/cuda "13.1-9.19-1.5.13" :classifier "linux-arm64"]
     [org.bytedeco/cuda "13.1-9.19-1.5.13" :classifier "linux-x86_64"]
     [org.bytedeco/cuda "13.1-9.19-1.5.13" :classifier "windows-x86_64"]
   [org.clojure/core.async "1.9.865"]
     [org.clojure/tools.analyzer.jvm "1.3.3"]
       [org.clojure/core.memoize "1.1.266"]
         [org.clojure/core.cache "1.1.234"]
           [org.clojure/data.priority-map "1.2.0"]
       [org.clojure/tools.analyzer "1.2.0"]
       [org.ow2.asm/asm "9.2"]
   [org.uncomplicate/clojure-cpp "0.10.0"]
     [org.bytedeco/javacpp-platform "1.5.13"]
       [org.bytedeco/javacpp "1.5.13" :classifier "android-arm64"]
       [org.bytedeco/javacpp "1.5.13" :classifier "android-x86_64"]
       [org.bytedeco/javacpp "1.5.13" :classifier "ios-arm64"]
       [org.bytedeco/javacpp "1.5.13" :classifier "ios-x86_64"]
       [org.bytedeco/javacpp "1.5.13" :classifier "linux-arm64"]
       [org.bytedeco/javacpp "1.5.13" :classifier "linux-ppc64le"]
       [org.bytedeco/javacpp "1.5.13" :classifier "linux-riscv64"]
       [org.bytedeco/javacpp "1.5.13" :classifier "linux-x86_64"]
       [org.bytedeco/javacpp "1.5.13" :classifier "macosx-arm64"]
       [org.bytedeco/javacpp "1.5.13" :classifier "macosx-x86_64"]
       [org.bytedeco/javacpp "1.5.13" :classifier "windows-arm64"]
       [org.bytedeco/javacpp "1.5.13" :classifier "windows-x86_64"]
 [uncomplicate/commons "0.23.0"]
   [io.github.classgraph/classgraph "4.8.184"]
   [org.clojure/tools.logging "1.3.1"]
 [uncomplicate/fluokitten "0.10.3"]
