Retrieving org/uncomplicate/clojure-cpp/0.10.0/clojure-cpp-0.10.0.jar from clojars
Retrieving uncomplicate/fluokitten/0.10.3/fluokitten-0.10.3.jar from clojars
Retrieving uncomplicate/clojurecuda/0.31.0/clojurecuda-0.31.0.jar from clojars
Retrieving org/uncomplicate/neanderthal-opencl/0.64.0/neanderthal-opencl-0.64.0.jar from clojars
Retrieving org/uncomplicate/neanderthal-base/0.64.0/neanderthal-base-0.64.0.jar from clojars
Retrieving uncomplicate/clojurecl/0.16.4/clojurecl-0.16.4.jar from clojars
Retrieving nrepl/nrepl/1.0.0/nrepl-1.0.0.jar from clojars
Retrieving org/nrepl/incomplete/0.1.0/incomplete-0.1.0.jar from clojars
Retrieving midje/midje/1.10.10/midje-1.10.10.jar from clojars
Retrieving marick/suchwow/6.0.3/suchwow-6.0.3.jar from clojars
Retrieving potemkin/potemkin/0.4.5/potemkin-0.4.5.jar from clojars
Retrieving clj-tuple/clj-tuple/0.2.2/clj-tuple-0.2.2.jar from clojars
Retrieving riddley/riddley/0.1.12/riddley-0.1.12.jar from clojars
Retrieving environ/environ/1.2.0/environ-1.2.0.jar from clojars
Retrieving com/rpl/specter/1.1.3/specter-1.1.3.jar from clojars
Retrieving io/aviso/pretty/1.4.4/pretty-1.4.4.jar from clojars
Retrieving clj-time/clj-time/0.15.2/clj-time-0.15.2.jar from clojars
Retrieving colorize/colorize/0.1.1/colorize-0.1.1.jar from clojars
Retrieving flare/flare/0.2.9/flare-0.2.9.jar from clojars
Retrieving org/clojars/brenton/google-diff-match-patch/0.1/google-diff-match-patch-0.1.jar from clojars
Retrieving mvxcvi/puget/1.3.4/puget-1.3.4.jar from clojars
Retrieving mvxcvi/arrangement/2.1.0/arrangement-2.1.0.jar from clojars
Retrieving fipp/fipp/0.6.26/fipp-0.6.26.jar from clojars
Retrieving uncomplicate/commons/0.23.0/commons-0.23.0.jar from clojars
Retrieving org/uncomplicate/neanderthal-test/0.64.0/neanderthal-test-0.64.0.jar from clojars
Retrieving org/uncomplicate/neanderthal-openblas/0.64.0/neanderthal-openblas-0.64.0.jar from clojars
