=== ixsmi Tue Jul 28 18:16:06 CST 2026 ===
Timestamp    Tue Jul 28 18:16:06 2026
+--------------------------------------------------------------------------------+
|  IX-ML: 4.4.0            Driver Version: 4.5.0          CUDA Version: 10.2     |
|----------------------------------+----------------------+----------------------|
| GPU  Name                        | Bus-Id               | Clock-SM  Clock-Mem  |
| Fan  Temp  Perf    Pwr:Usage/Cap |      Memory-Usage    | GPU-Util  Compute M. |
|==================================+======================+======================|
| 0    Iluvatar BI-V150            | 00000000:29:00.0     | 500MHz    1600MHz    |
| N/A  28C   P0       N/A / N/A    | 68MiB / 32768MiB     | 0%        Default    |
+----------------------------------+----------------------+----------------------+
| 1    Iluvatar BI-V150            | 00000000:2C:00.0     | 500MHz    1600MHz    |
| N/A  26C   P0       53W / 350W   | 68MiB / 32768MiB     | 0%        Default    |
+----------------------------------+----------------------+----------------------+

+--------------------------------------------------------------------------------+
| Processes:                                                          GPU Memory |
|  GPU        PID      Process name                                   Usage(MiB) |
|================================================================================|
|  No running processes found                                                    |
+--------------------------------------------------------------------------------+
